// Jest Snapshot v1, https://goo.gl/fbAQLP

exports[`Image snapshot 1`] = `
<styled.img
  className="test"
  height="200px"
  loading="lazy"
  width="300px"
/>
`;
