// Jest Snapshot v1, https://goo.gl/fbAQLP

exports[`App snapshot should add a snapshot 1`] = `
<div
  className="container"
>
  <div
    className="justify-content-md-center row"
  >
    <div
      className="center col-lg-9"
    />
  </div>
</div>
`;
