// Jest Snapshot v1, https://goo.gl/fbAQLP

exports[`Modal snapshot should add a snapshot 1`] = `
<img
  className="sc-bdnxRM hStcCx test"
  height="200px"
  loading="lazy"
  width="300px"
/>
`;
